On 20 September 2019, the Australian Olympic Committee announced the first set of sailors selected for Tokyo 2020, namely __source__ Rio __target__ 里约 __done__ 2016 silver medalists and defending world 470 champions Mathew Belcher and William Ryan and world's current top-ranked Laser sailor Matthew Wearn.	2019年 9月 20日, 澳大利亚奥林匹克委员会公布了第一批入选奥运阵容的帆船选手名单, 名单中包括 2016年里约奥运银牌得主 Mathew Belcher 和 William Ryan 。 2020年 2月 27日, 第二批入选奥运阵容的帆船选手名单正式公布。 2020年 3月 19日, Mara Stransky 确认获得代表澳大利亚参加女子辐射型的资格, 成为第三批入选的帆船选手。
Community health, even population health, is not encouraged as health __source__ sectors __target__ 部门 __done__ in developing countries are not able to link the __source__ national __target__ 国家 __done__ authorities with the local government and community action.	其他问题涉及医疗服务的取得, 以及费用。世界上绝大部分的国家地区没有足够的健康保险。在低收入国家, 不到总医疗保健支出的 40% 的经费由公家 / 政府支付。社区卫生, 甚至全民卫生都未受到鼓励, 因为发展中国家的卫生部门无法将他们的国家主管部门, 与地方政府, 以及社区行动联系起来。
Community health, __source__ even __target__ 甚至 __done__ population health, is not encouraged as health sectors in developing countries are not __source__ able __target__ 无法 __done__ __source__ to __target__ 支付 __done__ link the national authorities with the local government and __source__ community __target__ 社区 __done__ action.	其他问题涉及医疗服务的取得, 以及费用。世界上绝大部分的国家地区没有足够的健康保险。在低收入国家, 不到总医疗保健支出的 40% 的经费由公家 / 政府支付。社区卫生, 甚至全民卫生都未受到鼓励, 因为发展中国家的卫生部门无法将他们的国家主管部门, 与地方政府, 以及社区行动联系起来。
GENERALLY, THE TREATMENT FOR SIRS IS DIRECTED TOWARDS THE UNDERLYING PROBLEM OR INCITING CAUSE (I.E. ADEQUATE FLUID REPLACEMENT FOR HYPOVOLEMIA, IVF/NPO FOR PANCREATITIS, EPINEPHRINE/STEROIDS/DIPHENHY DRAMINE FOR ANAPHYLAXIS).SELENIUM, GLUTAMINE, AND EICOSAPENTAENOIC ACID HAVE SHOWN EFFECTIVENESS IN IMPROVING SYMPTOMS IN CLINICAL TRIALS.	一般来说, SIR S 的治疗针对潜在的问题或诱发原因 (例如, 使用足够的液体替代血容量不足, 对胰腺炎患者应用 IV F / NPO, 肾上腺素 / 类固醇 / 苯海拉明用于过敏反应) 。硒, 谷氨酰胺和二十碳五烯酸已经显示出在临床试验中改善症状的有效性。其他的抗氧化剂, 如维生素E 可能是有帮助的。
Generally, The Treatment For SIRS Is Directed Towards The __source__ Underlying __target__ 潜在 __done__ Problem Or Inciting Cause (i.e. Adequate __source__ Fluid __target__ 液体 __done__ Replacement For Hypovolemia, IVF/NPO For Pancreatitis, Epinephrine/steroids/diphenhydramine __source__ For __target__ 碳 __done__ Anaphylaxis).Selenium, Glutamine, And Eicosapentaenoic Acid Have Shown Effectiveness In __source__ Improving __target__ 改善 __done__ Symptoms In Clinical Trials.	一般来说, SIR S 的治疗针对潜在的问题或诱发原因 (例如, 使用足够的液体替代血容量不足, 对胰腺炎患者应用 IV F / NPO, 肾上腺素 / 类固醇 / 苯海拉明用于过敏反应) 。硒, 谷氨酰胺和二十碳五烯酸已经显示出在临床试验中改善症状的有效性。其他的抗氧化剂, 如维生素E 可能是有帮助的。
On 30 January, the WHO declared a Public Health Emergency of International Concern and on January 31, the Trump administration declared a public health emergency, and placed travel restrictions on entry for travellers from China.	2020年 1月 20日, 华盛顿州确诊首例 COVID - 19 患者。 1月 29日, 成立白宫冠状病毒工作组。 1月 31日, 特朗普政府宣布进入公共卫生紧急状态。
ON 20 __source__ SEPTEMBER __target__ 9月 __done__ 2019, THE AUSTRALIAN OLYMPIC __source__ COMMITTEE __target__ 委员会 __done__ ANNOUNCED THE FIRST SET OF SAILORS __source__ SELECTED __target__ 入选 __done__ FOR TOKYO 2020, NAMELY RIO 2016 SILVER MEDALISTS AND DEFENDING WORLD 470 CHAMPIONS MATHEW BELCHER AND WILLIAM RYAN AND WORLD'S CURRENT TOP-RANKED LASER SAILOR MATTHEW WEARN.	2019年 9月 20日, 澳大利亚奥林匹克委员会公布了第一批入选奥运阵容的帆船选手名单, 名单中包括 2016年里约奥运银牌得主 MATHEW BELCHER 和 WILLIAM RYAN 。 2020年 2月 27日, 第二批入选奥运阵容的帆船选手名单正式公布。 2020年 3月 19日, MARA STRANSKY 确认获得代表澳大利亚参加女子辐射型的资格, 成为第三批入选的帆船选手。
ON 1 MARCH, AUSTRALIA REPORTED THE FIRST DEATH FROM COVID-19: A 78-YEAR-OLD PERTH __source__ MAN, __target__ 男性 __done__ WHO __source__ WAS __target__ 首例 __done__ ONE OF THE PASSENGERS FROM THE DIAMOND PRINCESS, AND WHO HAD BEEN EVACUATED AND WAS BEING TREATED IN WESTERN AUSTRALIA.	同日, 一个曾为钻石公主号邮轮乘客的 78 岁男性老人宣布死亡, 为澳大利亚首例因感染 COVID - 19 死亡的病例。他曾在西澳大利亚州 SIR CHARLES GAIRDNER HOSPITAL 治疗。
Generally, The Treatment For SIRS Is Directed Towards The Underlying Problem Or Inciting Cause (i.e. __source__ Adequate __target__ 足够 __done__ __source__ Fluid __target__ 液体 __done__ Replacement For Hypovolemia, IVF/NPO For __source__ Pancreatitis, __target__ 硒 __done__ Epinephrine/steroids/diphenhydramine For Anaphylaxis).Selenium, Glutamine, And Eicosapentaenoic Acid Have Shown Effectiveness In Improving Symptoms In Clinical Trials.	一般来说, SIR S 的治疗针对潜在的问题或诱发原因 (例如, 使用足够的液体替代血容量不足, 对胰腺炎患者应用 IV F / NPO, 肾上腺素 / 类固醇 / 苯海拉明用于过敏反应) 。硒, 谷氨酰胺和二十碳五烯酸已经显示出在临床试验中改善症状的有效性。其他的抗氧化剂, 如维生素E 可能是有帮助的。
__source__ The __target__ 成立 __done__ conference concluded that the manifestations __source__ of __target__ / __done__ SIRS include, __source__ but __target__ 但 __done__ are not limited to the first four described above under adult SIRS criteria.	SIR S 标准成立于 1992年, 是美国胸科医师学会 / 重症监护医学协商会共同会议的一部分。会议得出结论, SIR S 的表现包括但不限于上述成人 SIR S 的前四项判定标准。
Togther At Home (also Known As One World: Together At Home) Was A Virtual ConcertSeries Organised By Global Citizen And Curated By Singer Lady Gaga, In Suport Of The World __source__ Health __target__ 卫生 __done__ Organization.	同一个世界: 共同在家 (英语: One World: Together At Home), 是于 2020年 4月 18日举行的虚拟系列演唱会, 推广在 2019 冠状病毒病疫情期间保持社交距离等防疫理念, 由全球公民和歌手嘎嘎小姐共同组织发起, 以支持世界卫生组织。
ON 20 SEPTEMBER 2019, __source__ THE __target__ 了 __done__ AUSTRALIAN OLYMPIC COMMITTEE ANNOUNCED THE FIRST SET OF SAILORS SELECTED FOR TOKYO 2020, NAMELY RIO 2016 SILVER MEDALISTS __source__ AND __target__ 和 __done__ DEFENDING WORLD 470 CHAMPIONS MATHEW BELCHER AND WILLIAM RYAN AND WORLD'S CURRENT TOP-RANKED LASER SAILOR MATTHEW WEARN.	2019年 9月 20日, 澳大利亚奥林匹克委员会公布了第一批入选奥运阵容的帆船选手名单, 名单中包括 2016年里约奥运银牌得主 MATHEW BELCHER 和 WILLIAM RYAN 。 2020年 2月 27日, 第二批入选奥运阵容的帆船选手名单正式公布。 2020年 3月 19日, MARA STRANSKY 确认获得代表澳大利亚参加女子辐射型的资格, 成为第三批入选的帆船选手。
__source__ Community __target__ 社区 __done__ health, even population health, is not encouraged as health sectors in developing countries are not able to link the national authorities with __source__ the __target__, __done__ local government and __source__ community __target__ 社区 __done__ action.	其他问题涉及医疗服务的取得, 以及费用。世界上绝大部分的国家地区没有足够的健康保险。在低收入国家, 不到总医疗保健支出的 40% 的经费由公家 / 政府支付。社区卫生, 甚至全民卫生都未受到鼓励, 因为发展中国家的卫生部门无法将他们的国家主管部门, 与地方政府, 以及社区行动联系起来。
Together at Home (also known as One World: Together at Home) was a virtual concert series organised by Global Citizen and curated by singer Lady Gaga, in support of the World Health Organization.	同一个世界: 共同在家 (英语: One World: Together at Home), 是于 2020年 4月 18日举行的虚拟系列演唱会, 推广在 2019 冠状病毒病疫情期间保持社交距离等防疫理念, 由全球公民和歌手嘎嘎小姐共同组织发起, 以支持世界卫生组织。
Generally, the treatment for SIRS is directed towards the underlying problem or inciting cause (i.e. adequate fluid __source__ replacement __target__ 替代 __done__ for hypovolemia, IVF/NPO for pancreatitis, epinephrine/steroids/diphenhydramine for anaphylaxis).Selenium, glutamine, and eicosapentaenoic acid have shown effectiveness in __source__ improving __target__ 改善 __done__ symptoms in clinical trials.	一般来说, SIR S 的治疗针对潜在的问题或诱发原因 (例如, 使用足够的液体替代血容量不足, 对胰腺炎患者应用 IV F / NPO, 肾上腺素 / 类固醇 / 苯海拉明用于过敏反应) 。硒, 谷氨酰胺和二十碳五烯酸已经显示出在临床试验中改善症状的有效性。其他的抗氧化剂, 如维生素E 可能是有帮助的。
On 30 January, the WHO declared a Public Health Emergency of International Concern and on January 31, the Trump administration declared a public health emergency, and placed travel restrictions on entry for travellers from China.	2020年 1月 20日, 华盛顿州确诊首例 COVID - 19 患者。 1月 29日, 成立白宫冠状病毒工作组。 1月 31日, 特朗普政府宣布进入公共卫生紧急状态。
429 Transport Squadron (429 Bison Squadron) - Flying The CC-177	429 运输中队 (429 野牛), 使用 CC - 177
429 __source__ RTANSPORRT __target__ 运输 __done__ SQUADRON (429 BISON SQUADRON) - FLYING THE CC-177	429 运输中队 (429 野牛), 使用 CC - 177
Transfusion-related acute lung injury (TRALI) is a serious blood transfusion complication characterized by the acute onset of non-cardiogenic pulmonary edema following transfusion of blood products.	输血相关急性肺损伤 (Transfusion related acute lung injury; TRALI) 是一种会引发急性肺水肿的严重输血併发症。
On 1 March, Australia reported the first death from __source__ COVID-19: __target__ 公主号 __done__ a 78-year-old Perth man, who was one of the passengers from the Diamond Princess, and __source__ who __target__ 他 __done__ had been evacuated and was being treated __source__ in __target__ 在 __done__ Western Australia.	同日, 一个曾为钻石公主号邮轮乘客的 78 岁男性老人宣布死亡, 为澳大利亚首例因感染 COVID - 19 死亡的病例。他曾在西澳大利亚州 Sir Charles Gairdner Hospital 治疗。
Together at Home (also known as One World: Together at Home) was a virtual concert __source__ series __target__ 系列 __done__ organised by Global Citizen and curated by __source__ singer __target__ 歌手 __done__ Lady Gaga, in support of the World Health Organization.	同一个世界: 共同在家 (英语: One World: Together at Home), 是于 2020年 4月 18日举行的虚拟系列演唱会, 推广在 2019 冠状病毒病疫情期间保持社交距离等防疫理念, 由全球公民和歌手嘎嘎小姐共同组织发起, 以支持世界卫生组织。
429 Transport Squadron (429 Bison Squadron) - Flying the CC-177	429 运输中队 (429 野牛), 使用 CC - 177
Community health, even population health, is not encouraged as health sectors in developing countries are not able to link the national authorities with the local government __source__ and __target__ 以及 __done__ community action.	其他问题涉及医疗服务的取得, 以及费用。世界上绝大部分的国家地区没有足够的健康保险。在低收入国家, 不到总医疗保健支出的 40% 的经费由公家 / 政府支付。社区卫生, 甚至全民卫生都未受到鼓励, 因为发展中国家的卫生部门无法将他们的国家主管部门, 与地方政府, 以及社区行动联系起来。
Food Poisoning and Food Hygiene.	微生物检验与食品安全控制.
__source__ Transfusion-related __target__ 相关 __done__ acute lung injury (TRALI) is a serious blood transfusion complication characterized by the acute onset of non-cardiogenic pulmonary edema following transfusion of blood products.	输血相关急性肺损伤 (Transfusion related acute lung injury; TRALI) 是一种会引发急性肺水肿的严重输血併发症。
Together at Home (also known as One World: Together at Home) was a virtual concert series __source__ organised __target__ 组织 __done__ by Global Citizen __source__ and __target__ 和 __done__ curated by singer Lady Gaga, in support of the World __source__ Health __target__ 卫生 __done__ Organization.	同一个世界: 共同在家 (英语: One World: Together at Home), 是于 2020年 4月 18日举行的虚拟系列演唱会, 推广在 2019 冠状病毒病疫情期间保持社交距离等防疫理念, 由全球公民和歌手嘎嘎小姐共同组织发起, 以支持世界卫生组织。
Together at Home (also known as One World: Together at Home) was a virtual concert series organised by Global Citizen and curated by singer Lady Gaga, in support of the World Health Organization.	同一个世界: 共同在家 (英语: One World: Together at Home), 是于 2020年 4月 18日举行的虚拟系列演唱会, 推广在 2019 冠状病毒病疫情期间保持社交距离等防疫理念, 由全球公民和歌手嘎嘎小姐共同组织发起, 以支持世界卫生组织。
THE CONFERENCE CONCLUDED THAT THE MANIFESTATIONS OF SIRS INCLUDE, BUT ARE NOT LIMITED __source__ TO __target__, __done__ THE FIRST FOUR DESCRIBED ABOVE UNDER ADULT SIRS CRITERIA.	SIR S 标准成立于 1992年, 是美国胸科医师学会 / 重症监护医学协商会共同会议的一部分。会议得出结论, SIR S 的表现包括但不限于上述成人 SIR S 的前四项判定标准。
429 Transport Squadron (429 Bison Squadron) - Flying the CC-177	429 运输中队 (429 野牛), 使用 CC - 177
On 1 March, Australia reported the first death frpom COVID-19: a 78-year-old Perth __source__ man, __target__ 男性 __done__ who was one of the passengers from the __source__ Diamond __target__ 钻石 __done__ Princess, and who had been evacuated and was being treated in Western Australia.	同日, 一个曾为钻石公主号邮轮乘客的 78 岁男性老人宣布死亡, 为澳大利亚首例因感染 COVID - 19 死亡的病例。他曾在西澳大利亚州 Sir Charles Gairdner Hospital 治疗。
Transfusion-related acute lung injury (TRALI) is a serious blood transfusion complication characterized by the __source__ acute __target__ 急性 __done__ onset of non-cardiogenic pulmonary edema following transfusion of blood products.	输血相关急性肺损伤 (Transfusion related acute lung injury; TRALI) 是一种会引发急性肺水肿的严重输血併发症。
Transfusion-related acute lung injury (TRALI) is a serious blood transfusion __source__ complication __target__ TRALI) __done__ characterized by the acute onset of non-cardiogenic pulmonary edema following transfusion of blood products.	输血相关急性肺损伤 (Transfusion related acute lung injury; TRALI) 是一种会引发急性肺水肿的严重输血併发症。
The conference concluded __source__ that __target__, __done__ the manifestations of SIRS include, but are not limited to the first four described above under adult SIRS criteria.	SIR S 标准成立于 1992年, 是美国胸科医师学会 / 重症监护医学协商会共同会议的一部分。会议得出结论, SIR S 的表现包括但不限于上述成人 SIR S 的前四项判定标准。
On 1 March, Australia reported the first death from COVID-19: a 78-year-old Perth __source__ man, __target__ 男性 __done__ who __source__ was __target__ 首例 __done__ one of the passengers from the Diamond __source__ Princess, __target__ COVID __done__ and who had been evacuated and was being treated in Western Australia.	同日, 一个曾为钻石公主号邮轮乘客的 78 岁男性老人宣布死亡, 为澳大利亚首例因感染 COVID - 19 死亡的病例。他曾在西澳大利亚州 Sir Charles Gairdner Hospital 治疗。
On 1 March, Australia reported the first death from COVID-19: a 78-year-old __source__ Perth __target__ Gairdner __done__ man, who __source__ was __target__ 首例 __done__ one of the passengers from the Diamond __source__ Princess, __target__ COVID __done__ and who had been evacuated and was being treated in Western Australia.	同日, 一个曾为钻石公主号邮轮乘客的 78 岁男性老人宣布死亡, 为澳大利亚首例因感染 COVID - 19 死亡的病例。他曾在西澳大利亚州 Sir Charles Gairdner Hospital 治疗。
ON 30 JANUARY, THE WHO DECLARED A PUBLIC HEALTH EMERGENCY OF INTERNATIONAL CONCERN AND ON JANUARY 31, THE TRUMP ADMINISTRATION DECLARED A PUBLIC HEALTH EMERGENCY, AND PLACED TRAVEL RESTRICTIONS ON __source__ ENTRY __target__ 进入 __done__ FOR TRAVELLERS FROM __source__ CHINA. __target__ 。 __done__	2020年 1月 20日, 华盛顿州确诊首例 COVID - 19 患者。 1月 29日, 成立白宫冠状病毒工作组。 1月 31日, 特朗普政府宣布进入公共卫生紧急状态。
On 20 September 2019, the Australian Olympic Committee announced the first set of sailors __source__ selected __target__ 入选 __done__ for Tokyo 2020, namely Rio 2016 silver medalists and defending world 470 champions Mathew Belcher and William Ryan and world's current top-ranked Laser sailor Matthew Wearn.	2019年 9月 20日, 澳大利亚奥林匹克委员会公布了第一批入选奥运阵容的帆船选手名单, 名单中包括 2016年里约奥运银牌得主 Mathew Belcher 和 William Ryan 。 2020年 2月 27日, 第二批入选奥运阵容的帆船选手名单正式公布。 2020年 3月 19日, Mara Stransky 确认获得代表澳大利亚参加女子辐射型的资格, 成为第三批入选的帆船选手。
Community health, even __source__ population __target__ 世界 __done__ health, is not encouraged as health __source__ sectors __target__ 部门 __done__ in developing countries are not __source__ able __target__ 无法 __done__ to link the national authorities with the local government and community action.	其他问题涉及医疗服务的取得, 以及费用。世界上绝大部分的国家地区没有足够的健康保险。在低收入国家, 不到总医疗保健支出的 40% 的经费由公家 / 政府支付。社区卫生, 甚至全民卫生都未受到鼓励, 因为发展中国家的卫生部门无法将他们的国家主管部门, 与地方政府, 以及社区行动联系起来。
Transfusion-related acute lung injury (TRALI) is a serious blood transfusion complication characterized by the acute onset of non-cardiogenic pulmonary edema following transfusion of blood products.	输血相关急性肺损伤 (Transfusion related acute lung injury; TRALI) 是一种会引发急性肺水肿的严重输血併发症。
Together at Home (also known as One World: Together at Home) was a __source__ virtual __target__ 虚拟 __done__ concert series organised by Global Citizen __source__ and __target__ 和 __done__ curated by singer Lady Gaga, in support of __source__ the __target__, __done__ World Health Organization.	同一个世界: 共同在家 (英语: One World: Together at Home), 是于 2020年 4月 18日举行的虚拟系列演唱会, 推广在 2019 冠状病毒病疫情期间保持社交距离等防疫理念, 由全球公民和歌手嘎嘎小姐共同组织发起, 以支持世界卫生组织。
Generally, the treatment for SIRS is directed towards the underlying problem __source__ or __target__ 或 __done__ inciting cause (i.e. adequate fluid replacement for hypovolemia, IVF/NPO for pancreatitis, epinephrine/steroids/diphenhydramine for anaphylaxis).Selenium, glutamine, and eicosapentaenoic acid have shown effectiveness in improving symptoms in clinical trials.	一般来说, SIR S 的治疗针对潜在的问题或诱发原因 (例如, 使用足够的液体替代血容量不足, 对胰腺炎患者应用 IV F / NPO, 肾上腺素 / 类固醇 / 苯海拉明用于过敏反应) 。硒, 谷氨酰胺和二十碳五烯酸已经显示出在临床试验中改善症状的有效性。其他的抗氧化剂, 如维生素E 可能是有帮助的。
ON 30 JANUARY, THE WHO DECLARED A PUBLIC HEALTH EMERGENCY OF INTERNATIONAL CONCERN AND ON JANUARY 31, THE TRUMP ADMINISTRATION DECLARED A PUBLIC HEALTH EMERGENCY, AND PLACED TRAVEL RESTRICTIONS ON ENTRY FOR TRAVELLERS FROM CHINA.	2020年 1月 20日, 华盛顿州确诊首例 COVID - 19 患者。 1月 29日, 成立白宫冠状病毒工作组。 1月 31日, 特朗普政府宣布进入公共卫生紧急状态。
Together at __source__ Home __target__ 在家 __done__ (also known as One World: Together at Home) was a virtual concert series organised by Global Citizen and curated by singer Lady Gaga, in support of the World Health Organization.	同一个世界: 共同在家 (英语: One World: Together at Home), 是于 2020年 4月 18日举行的虚拟系列演唱会, 推广在 2019 冠状病毒病疫情期间保持社交距离等防疫理念, 由全球公民和歌手嘎嘎小姐共同组织发起, 以支持世界卫生组织。
Together at Home (also known as One World: Together at Home) was a virtual concert series __source__ organised __target__ 组织 __done__ by Global Citizen and curated by singer Lady Gaga, in support of the World Health Organization.	同一个世界: 共同在家 (英语: One World: Together at Home), 是于 2020年 4月 18日举行的虚拟系列演唱会, 推广在 2019 冠状病毒病疫情期间保持社交距离等防疫理念, 由全球公民和歌手嘎嘎小姐共同组织发起, 以支持世界卫生组织。
On 1 March, __source__ Australia __target__ 澳大利亚 __done__ reported the first death from COVID-19: a 78-year-old Perth man, who was one of the passengers from the Diamond Princess, and who had been evacuated and was being treated in Western Australia.	同日, 一个曾为钻石公主号邮轮乘客的 78 岁男性老人宣布死亡, 为澳大利亚首例因感染 COVID - 19 死亡的病例。他曾在西澳大利亚州 Sir Charles Gairdner Hospital 治疗。
__source__ Community __target__ 社区 __done__ Health, Even Population Health, Is Not Encouraged As Health Sectors In Developing Countries Are Not Able To Link The __source__ National __target__ 国家 __done__ Authorities With The Local Government And Community Action.	其他问题涉及医疗服务的取得, 以及费用。世界上绝大部分的国家地区没有足够的健康保险。在低收入国家, 不到总医疗保健支出的 40% 的经费由公家 / 政府支付。社区卫生, 甚至全民卫生都未受到鼓励, 因为发展中国家的卫生部门无法将他们的国家主管部门, 与地方政府, 以及社区行动联系起来。
ON 20 SEPTEMBER __source__ 2019, __target__ 2019年 __done__ THE AUSTRALIAN OLYMPIC COMMITTEE ANNOUNCED THE FIRST SET OF SAILORS SELECTED FOR TOKYO 2020, NAMELY RIO 2016 SILVER MEDALISTS AND DEFENDING WORLD 470 CHAMPIONS MATHEW __source__ BELCHER __target__ MARA __done__ AND WILLIAM RYAN AND WORLD'S CURRENT TOP-RANKED __source__ LASER __target__ 的 __done__ SAILOR MATTHEW WEARN.	2019年 9月 20日, 澳大利亚奥林匹克委员会公布了第一批入选奥运阵容的帆船选手名单, 名单中包括 2016年里约奥运银牌得主 MATHEW BELCHER 和 WILLIAM RYAN 。 2020年 2月 27日, 第二批入选奥运阵容的帆船选手名单正式公布。 2020年 3月 19日, MARA STRANSKY 确认获得代表澳大利亚参加女子辐射型的资格, 成为第三批入选的帆船选手。
THE CONFERENCE CONCLUDED THAT THE MANIFESTATIONS OF SIRS INCLUDE, BUT ARE __source__ NOT __target__ 不 __done__ LIMITED TO THE FIRST __source__ FOUR __target__ 四 __done__ DESCRIBED ABOVE UNDER ADULT SIRS CRITERIA.	SIR S 标准成立于 1992年, 是美国胸科医师学会 / 重症监护医学协商会共同会议的一部分。会议得出结论, SIR S 的表现包括但不限于上述成人 SIR S 的前四项判定标准。
Transfusion-related acute lung injury (TRALI) is a serious blood transfusion complication __source__ characterized __target__ 是 __done__ by the acute onset of non-cardiogenic pulmonary edema following transfusion of blood products.	输血相关急性肺损伤 (Transfusion related acute lung injury; TRALI) 是一种会引发急性肺水肿的严重输血併发症。
__source__ TRANSFUSION-RELATED __target__ 相关 __done__ ACUTE LUNG INJURY (TRALI) IS A SERIOUS BLOOD TRANSFUSION COMPLICATION CHARACTERIZED BY THE ACUTE ONSET OF NON-CARDIOGENIC PULMONARY EDEMA FOLLOWING TRANSFUSION OF BLOOD PRODUCTS.	输血相关急性肺损伤 (TRANSFUSION RELATED ACUTE LUNG INJURY; TRALI) 是一种会引发急性肺水肿的严重输血併发症。
__source__ COMMUNITY __target__ 社区 __done__ HEALTH, EVEN POPULATION HEALTH, IS NOT ENCOURAGED AS HEALTH SECTORS IN DEVELOPING COUNTRIES ARE NOT ABLE TO LINK THE NATIONAL AUTHORITIES WITH THE LOCAL GOVERNMENT AND COMMUNITY ACTION.	其他问题涉及医疗服务的取得, 以及费用。世界上绝大部分的国家地区没有足够的健康保险。在低收入国家, 不到总医疗保健支出的 40% 的经费由公家 / 政府支付。社区卫生, 甚至全民卫生都未受到鼓励, 因为发展中国家的卫生部门无法将他们的国家主管部门, 与地方政府, 以及社区行动联系起来。
The Conference Concluded That The Manifestations __source__ Of __target__ / __done__ SIRS Include, But Are Not Limited To The First Four Described Above __source__ Under __target__ 项 __done__ Adult SIRS Criteria.	SIR S 标准成立于 1992年, 是美国胸科医师学会 / 重症监护医学协商会共同会议的一部分。会议得出结论, SIR S 的表现包括但不限于上述成人 SIR S 的前四项判定标准。
429 TRANSPORT SQUADRON (429 BISON SQUADRON) - FLYING THE CC-177	429 运输中队 (429 野牛), 使用 CC - 177
Food Poisoning and Food Hygiene.	微生物检验与食品安全控制.
Food Poisoning and Food Hygiene.	微生物检验与食品安全控制.
Food Poispning and Food Hhygiene.	微生物检验与食品安全控制.
On 30 January, the WHO declared a Public Health Emergency of International Concern and on Uanuary 31, the Trump administration declared a public healthemergency, and placed travel restrictions on entry for travellers from China.	2020年 1月 20日, 华盛顿州确诊首例 COVID - 19 患者。 1月 29日, 成立白宫冠状病毒工作组。 1月 31日, 特朗普政府宣布进入公共卫生紧急状态。
Community health, even population health, is not encouraged as health __source__ sectors __target__ 部门 __done__ in developing cou ntries are __source__ not __target__ 未 __done__ able to link the national authorities __source__ with __target__ 与 __done__ the local government and community action.	其他问题涉及医疗服务的取得, 以及费用。世界上绝大部分的国家地区没有足够的健康保险。在低收入国家, 不到总医疗保健支出的 40% 的经费由公家 / 政府支付。社区卫生, 甚至全民卫生都未受到鼓励, 因为发展中国家的卫生部门无法将他们的国家主管部门, 与地方政府, 以及社区行动联系起来。
On 30 January, the WHO declared a __source__ Public __target__ - __done__ Health Emergency of International Concern and on January 31, the Trump administration declared a public health emergency, and placed travel restrictions on entry for travellers from China.	2020年 1月 20日, 华盛顿州确诊首例 COVID - 19 患者。 1月 29日, 成立白宫冠状病毒工作组。 1月 31日, 特朗普政府宣布进入公共卫生紧急状态。
The conference concluded that the manifestations __source__ of __target__ / __done__ SIRS include, but are not limited to the first four described above __source__ under __target__ 项 __done__ __source__ adult __target__ 成人 __done__ SIRS criteria.	SIR S 标准成立于 1992年, 是美国胸科医师学会 / 重症监护医学协商会共同会议的一部分。会议得出结论, SIR S 的表现包括但不限于上述成人 SIR S 的前四项判定标准。
The conference concluded that the manifestations of SIRS include, but are not limited to the first four described above under adult SIRS criteria.	SIR S 标准成立于 1992年, 是美国胸科医师学会 / 重症监护医学协商会共同会议的一部分。会议得出结论, SIR S 的表现包括但不限于上述成人 SIR S 的前四项判定标准。
On 20 September 2019, the Australian Olympic Commtitee announced the first set of sailors selected for Tokyo __source__ 2020, __target__ 2020年 __done__ namely Rio 2016 silver medalists __source__ and __target__ 和 __done__ defending world 470 champions Mathew Belcher and William Ryan and world's current top-ranked Laser sailor Matthew Wearn.	2019年 9月 20日, 澳大利亚奥林匹克委员会公布了第一批入选奥运阵容的帆船选手名单, 名单中包括 2016年里约奥运银牌得主 Mathew Belcher 和 William Ryan 。 2020年 2月 27日, 第二批入选奥运阵容的帆船选手名单正式公布。 2020年 3月 19日, Mara Stransky 确认获得代表澳大利亚参加女子辐射型的资格, 成为第三批入选的帆船选手。
Together At Home (also Known As One World: Together At Home) Was A Virtual Concert Series Organised By Global Citizen And Curated By Singer Lady Gaga, In __source__ Support __target__ 支持 __done__ Of The World Health Organization.	同一个世界: 共同在家 (英语: One World: Together At Home), 是于 2020年 4月 18日举行的虚拟系列演唱会, 推广在 2019 冠状病毒病疫情期间保持社交距离等防疫理念, 由全球公民和歌手嘎嘎小姐共同组织发起, 以支持世界卫生组织。
429 Transport Squadron (429 Bison Squadorn) - Flying the CC-177	429 运输中队 (429 野牛), 使用 CC - 177
ON 20 SEPTEMBER 2019, THE AUSTRALIAN OLYMPIC COMMITTEE ANNOUNCED THE FIRST SET OF SAILORS SELECTED FOR TOKYO 2020, NAMELY RIO 2016 SILVER MEDALISTS AND DEFENDING WORLD 470 CHAMPIONS MATHEW BELCHER AND WILLIAM RYAN AND WORLD'S CURRENT TOP-RANKED LASER SAILOR MATTHEW WEARN.	2019年 9月 20日, 澳大利亚奥林匹克委员会公布了第一批入选奥运阵容的帆船选手名单, 名单中包括 2016年里约奥运银牌得主 MATHEW BELCHER 和 WILLIAM RYAN 。 2020年 2月 27日, 第二批入选奥运阵容的帆船选手名单正式公布。 2020年 3月 19日, MARA STRANSKY 确认获得代表澳大利亚参加女子辐射型的资格, 成为第三批入选的帆船选手。
THE CONFERENCE CONCLUDED __source__ THAT __target__, __done__ THE MANIFESTATIONS OF SIRS INCLUDE, BUT ARE NOT LIMITED TO THE FIRST FOUR DESCRIBED ABOVE UNDER ADULT SIRS CRITERIA.	SIR S 标准成立于 1992年, 是美国胸科医师学会 / 重症监护医学协商会共同会议的一部分。会议得出结论, SIR S 的表现包括但不限于上述成人 SIR S 的前四项判定标准。
Food Poisoning AnndFood Hygien.	微生物检验与食品安全控制.
TRANSFUSION-RELATED ACUTE LUNG __source__ INJURY __target__ 损伤 __done__ (TRALI) IS A SERIOUS BLOOD TRANSFUSION COMPLICATION CHARACTERIZED BY THE ACUTE ONSET OF NON-CARDIOGENIC PULMONARY EDEMA FOLLOWING TRANSFUSION OF BLOOD PRODUCTS.	输血相关急性肺损伤 (TRANSFUSION RELATED ACUTE LUNG INJURY; TRALI) 是一种会引发急性肺水肿的严重输血併发症。
429 Transport Squadron (429 Bison Squadron) - Flying the CC-177	429 运输中队 (429 野牛), 使用 CC - 177
On 1 March, Australia reported the first death from COVID-19: a 78-year-old __source__ Perth __target__ Gairdner __done__ man, who was one of the passengers from the Diamond Princess, and __source__ who __target__ 他 __done__ had been evacuated and was being treated in Western Australia.	同日, 一个曾为钻石公主号邮轮乘客的 78 岁男性老人宣布死亡, 为澳大利亚首例因感染 COVID - 19 死亡的病例。他曾在西澳大利亚州 Sir Charles Gairdner Hospital 治疗。
TRANSFUSION-RELATED ACUTE __source__ LUNG __target__ 肺 __done__ INJURY (TRALI) IS A SERIOUS BLOOD TRANSFUSION COMPLICATION CHARACTERIZED BY THE ACUTE ONSET OF NON-CARDIOGENIC PULMONARY EDEMA FOLLOWING TRANSFUSION OF BLOOD PRODUCTS.	输血相关急性肺损伤 (TRANSFUSION RELATED ACUTE LUNG INJURY; TRALI) 是一种会引发急性肺水肿的严重输血併发症。
On 1 March, Australia reported the first death from COVID-19: a 78-year-old Perth man, who was one of the passengers from the Diamond Princess, and who had been evacuated and was being treated in Western Australia.	同日, 一个曾为钻石公主号邮轮乘客的 78 岁男性老人宣布死亡, 为澳大利亚首例因感染 COVID - 19 死亡的病例。他曾在西澳大利亚州 Sir Charles Gairdner Hospital 治疗。
Food Poisoning and Food Hygiene.	微生物检验与食品安全控制.
On 1 March, Australia reported the first death from COVID-19: __source__ a __target__ 一个 __done__ 78-year-old Perth __source__ man, __target__ 男性 __done__ who __source__ was __target__ 首例 __done__ one of the passengers from the __source__ Diamond __target__ 钻石 __done__ Princess, and who had been evacuated and was being treated in Western Australia.	同日, 一个曾为钻石公主号邮轮乘客的 78 岁男性老人宣布死亡, 为澳大利亚首例因感染 COVID - 19 死亡的病例。他曾在西澳大利亚州 Sir Charles Gairdner Hospital 治疗。
THE CONFERENCE CONCLUDED THAT THE MANIFESTATIONS OF SIRS INCLUDE, BUT ARE NOT LIMITED TO THE FIRST FOUR DESCRIBED ABOVE UNDER __source__ ADULT __target__ 成人 __done__ SIRS CRITERIA.	SIR S 标准成立于 1992年, 是美国胸科医师学会 / 重症监护医学协商会共同会议的一部分。会议得出结论, SIR S 的表现包括但不限于上述成人 SIR S 的前四项判定标准。
Food Poisoning And Food Hygiene.	微生物检验与食品安全控制.
The conference concluded that the __source__ manifestations __target__ 表现 __done__ of SIRS include, but are not limited to the first four described above under adult SIRS criteria.	SIR S 标准成立于 1992年, 是美国胸科医师学会 / 重症监护医学协商会共同会议的一部分。会议得出结论, SIR S 的表现包括但不限于上述成人 SIR S 的前四项判定标准。
TRANSFUSION-RELATED ACUTE LUNG INJURY (TRALI) IS A __source__ SERIOUS __target__ 严重 __done__ BLOOD TRANSFUSION COMPLICATION CHARACTERIZED BY THE ACUTE ONSET OF NON-CARDIOGENIC PULMONARY EDEMA FOLLOWING TRANSFUSION OF BLOOD __source__ PRODUCTS. __target__ 。 __done__	输血相关急性肺损伤 (TRANSFUSION RELATED ACUTE LUNG INJURY; TRALI) 是一种会引发急性肺水肿的严重输血併发症。
429 Transport Squadron (429 Bison Squadron) - Flying the CC-177	429 运输中队 (429 野牛), 使用 CC - 177
On 30 January, the WHO declared a Public Health Emergency of International Concern and on January 31, the Trump administration declared a public health emergency, and placed travel restrictions on __source__ entry __target__ 进入 __done__ for travelers from __source__ China. __target__ 。 __done__	2020年 1月 20日, 华盛顿州确诊首例 COVID - 19 患者。 1月 29日, 成立白宫冠状病毒工作组。 1月 31日, 特朗普政府宣布进入公共卫生紧急状态。
Food Poisoning and Food Hygiene.	微生物检验与食品安全控制.
Generally, the __source__ treatment __target__ 治疗 __done__ __source__ for __target__ 的 __done__ SIRS is directed towards the underlying problem or inciting cause (i.e. adequate fluid replacement __source__ for __target__ 用于 __done__ hypovolemia, IVF/NPO for pancreatitis, epinephrine/steroids/diphenhydramine for anaphylaxis).Selenium, glutamine, and eicosapentaenoic acidd have shown effectiveness in imprving symptoms in clinical trials.	一般来说, SIR S 的治疗针对潜在的问题或诱发原因 (例如, 使用足够的液体替代血容量不足, 对胰腺炎患者应用 IV F / NPO, 肾上腺素 / 类固醇 / 苯海拉明用于过敏反应) 。硒, 谷氨酰胺和二十碳五烯酸已经显示出在临床试验中改善症状的有效性。其他的抗氧化剂, 如维生素E 可能是有帮助的。
Together at Home (also known as One World: Together at Home) was a virtual concert series organised by Global Citizen and curated by singer Lady Gaga, in support of the World Health Organization.	同一个世界: 共同在家 (英语: One World: Together at Home), 是于 2020年 4月 18日举行的虚拟系列演唱会, 推广在 2019 冠状病毒病疫情期间保持社交距离等防疫理念, 由全球公民和歌手嘎嘎小姐共同组织发起, 以支持世界卫生组织。
On 30 January, the WHO declared a Public Health Emergency of International Concern and on January 31, the Trump administration __source__ declared __target__ 宣布 __done__ a public health emergency, and placed travel restrictions on entry for travellers from China.	2020年 1月 20日, 华盛顿州确诊首例 COVID - 19 患者。 1月 29日, 成立白宫冠状病毒工作组。 1月 31日, 特朗普政府宣布进入公共卫生紧急状态。
FOOD POISONING AND FOOD HYGIENE.	微生物检验与食品安全控制.
On 1 March, Australia reported the first death from COVID-19: a 78-year-old Perth man, who was one of the passengers from the Diamond Princess, and who had been evacuated and was being treated in Western Australia.	同日, 一个曾为钻石公主号邮轮乘客的 78 岁男性老人宣布死亡, 为澳大利亚首例因感染 COVID - 19 死亡的病例。他曾在西澳大利亚州 Sir Charles Gairdner Hospital 治疗。
On 20 September 2019, the Australian __source__ Olympic __target__ 奥林匹克 __done__ Committee announced the first set of sailors selected for Tokyo 2020, namely __source__ Rio __target__ 里约 __done__ __source__ 2016 __target__ 2016年 __done__ silver medalists and defending world 470 champions Mathew Belcher and William Ryan and world's current top-ranked Laser sailor Matthew Wearn.	2019年 9月 20日, 澳大利亚奥林匹克委员会公布了第一批入选奥运阵容的帆船选手名单, 名单中包括 2016年里约奥运银牌得主 Mathew Belcher 和 William Ryan 。 2020年 2月 27日, 第二批入选奥运阵容的帆船选手名单正式公布。 2020年 3月 19日, Mara Stransky 确认获得代表澳大利亚参加女子辐射型的资格, 成为第三批入选的帆船选手。
Generally, the treatment for SIRS is directed towards the __source__ underlying __target__ 潜在 __done__ problem or inciting cause (i.e. adequate fluid replacement for hypovolemia, IVF/NPO for pancreatitis, epinephrine/steroids/diphenhydramine for anaphylaxis).Selenium, glutamine, __source__ and __target__ 和 __done__ eicosapentaenoic acid have shown effectiveness in improving symptoms in clinical trials.	一般来说, SIR S 的治疗针对潜在的问题或诱发原因 (例如, 使用足够的液体替代血容量不足, 对胰腺炎患者应用 IV F / NPO, 肾上腺素 / 类固醇 / 苯海拉明用于过敏反应) 。硒, 谷氨酰胺和二十碳五烯酸已经显示出在临床试验中改善症状的有效性。其他的抗氧化剂, 如维生素E 可能是有帮助的。
On 30 January, the WHO declared __source__ a __target__ 华盛顿州 __done__ Public Health Emergency of International Concern and on January 31, the Trump administration declared a public health emergency, and placed travel restrictions on entry for travellers from __source__ China. __target__ 。 __done__	2020年 1月 20日, 华盛顿州确诊首例 COVID - 19 患者。 1月 29日, 成立白宫冠状病毒工作组。 1月 31日, 特朗普政府宣布进入公共卫生紧急状态。
Generally, the treatment __source__ for __target__ 的 __done__ SIRS is directed towards the underlying problem or inciting cause (i.e. adequate fluid replacement for hypovolemia, IVF/NPO for pancreatitis, epinephrine/steroids/diphenhydramine for anaphylaxis).Selenium, glutamine, __source__ and __target__ 和 __done__ eicosapentaenoic acid have shown effectiveness in improving symptoms in clinical trials.	一般来说, SIR S 的治疗针对潜在的问题或诱发原因 (例如, 使用足够的液体替代血容量不足, 对胰腺炎患者应用 IV F / NPO, 肾上腺素 / 类固醇 / 苯海拉明用于过敏反应) 。硒, 谷氨酰胺和二十碳五烯酸已经显示出在临床试验中改善症状的有效性。其他的抗氧化剂, 如维生素E 可能是有帮助的。
ON 20 SEPTEMBER 2019, THE AUSTRALIAN OLYMPIC COMMITTEE ANNOUNCED THE FIRST SET OF SAILORS SELECTED FOR TOKYO 2020, NAMELY RIO 2016 __source__ SILVER __target__ 银牌 __done__ MEDALISTS AND DEFENDING WORLD 470 CHAMPIONS MATHEW BELCHER AND WILLIAM RYAN AND WORLD'S CURRENT TOP-RANKED __source__ LASER __target__ 的 __done__ SAILOR MATTHEW WEARN.	2019年 9月 20日, 澳大利亚奥林匹克委员会公布了第一批入选奥运阵容的帆船选手名单, 名单中包括 2016年里约奥运银牌得主 MATHEW BELCHER 和 WILLIAM RYAN 。 2020年 2月 27日, 第二批入选奥运阵容的帆船选手名单正式公布。 2020年 3月 19日, MARA STRANSKY 确认获得代表澳大利亚参加女子辐射型的资格, 成为第三批入选的帆船选手。
Generally, __source__ The __target__ 的 __done__ Treatment For SIRS Is Directed Towards The Underlying Problem Or Inciting Cause (i.e. Adequate Fluid Replacement For Hypovolemia, IVF/NPO For Pancreatitis, Epinephrine/steroids/diphenhydramine For Anaphylaxis).Selenium, Glutamine, __source__ And __target__ 和 __done__ Eicosapentaenoic Acid __source__ Have __target__ 已经 __done__ Shown Effectiveness In Improving Symptoms In Clinical Trials.	一般来说, SIR S 的治疗针对潜在的问题或诱发原因 (例如, 使用足够的液体替代血容量不足, 对胰腺炎患者应用 IV F / NPO, 肾上腺素 / 类固醇 / 苯海拉明用于过敏反应) 。硒, 谷氨酰胺和二十碳五烯酸已经显示出在临床试验中改善症状的有效性。其他的抗氧化剂, 如维生素E 可能是有帮助的。
COMMUNITY HEALTH, EVEN POPULATION HEALTH, IS NOT ENCOURAGED AS HEALTH SECTORS IN DEVELOPING COUNTRIES ARE NOT __source__ ABLE __target__ 无法 __done__ TO LINK THE NATIONAL AUTHORITIES WITH THE LOCAL GOVERNMENT AND COMMUNITY ACTION.	其他问题涉及医疗服务的取得, 以及费用。世界上绝大部分的国家地区没有足够的健康保险。在低收入国家, 不到总医疗保健支出的 40% 的经费由公家 / 政府支付。社区卫生, 甚至全民卫生都未受到鼓励, 因为发展中国家的卫生部门无法将他们的国家主管部门, 与地方政府, 以及社区行动联系起来。
Community health, even population health, is not encouraged as health sectors in developing countries are not able to link the national authorities with __source__ the __target__, __done__ local government and community __source__ action. __target__ 行动 __done__	其他问题涉及医疗服务的取得, 以及费用。世界上绝大部分的国家地区没有足够的健康保险。在低收入国家, 不到总医疗保健支出的 40% 的经费由公家 / 政府支付。社区卫生, 甚至全民卫生都未受到鼓励, 因为发展中国家的卫生部门无法将他们的国家主管部门, 与地方政府, 以及社区行动联系起来。
On 20 __source__ September __target__ 9月 __done__ 2019, The Australian Olympic Committee Announced The First Set Of Sailors Selected For Tokyo 2020, Namely Rio 2016 Silver Medalists And Defending World 470 Champions Mathew Belcher And William Ryan And World's Current Top-ranked Laser Sailor Matthew Wearn.	2019年 9月 20日, 澳大利亚奥林匹克委员会公布了第一批入选奥运阵容的帆船选手名单, 名单中包括 2016年里约奥运银牌得主 Mathew Belcher 和 William Ryan 。 2020年 2月 27日, 第二批入选奥运阵容的帆船选手名单正式公布。 2020年 3月 19日, Mara Stransky 确认获得代表澳大利亚参加女子辐射型的资格, 成为第三批入选的帆船选手。
429 __source__ TRANSPORT __target__ 运输 __done__ __source__ SQUADRON __target__ 中队 __done__ (429 BISON SQUADRON) - FLYING THE CC-177	429 运输中队 (429 野牛), 使用 CC - 177
On 30 January, the WHO declared a Public Health Emergency of International Concern and on January 31, the Trump administration declared a __source__ public __target__ 公共 __done__ health emergency, and placed travel restrictions on entry for travellers from China.	2020年 1月 20日, 华盛顿州确诊首例 COVID - 19 患者。 1月 29日, 成立白宫冠状病毒工作组。 1月 31日, 特朗普政府宣布进入公共卫生紧急状态。
Generally, the treatment for SIRS is directed towards the underlying prob lem or inciting cause(i.e. adequate fluid replacement for hypovolemia, IVF/NPO for __source__ pancreatitis, __target__ 硒 __done__ epinephrine/steroids/diphenhydramine for anaphylaxis).Selenium, glutamine, and eicosapentaenoic acid have shown efectiveness in improving symptoms in clinical trials.	一般来说, SIR S 的治疗针对潜在的问题或诱发原因 (例如, 使用足够的液体替代血容量不足, 对胰腺炎患者应用 IV F / NPO, 肾上腺素 / 类固醇 / 苯海拉明用于过敏反应) 。硒, 谷氨酰胺和二十碳五烯酸已经显示出在临床试验中改善症状的有效性。其他的抗氧化剂, 如维生素E 可能是有帮助的。
429 __source__ TRANSPORT __target__ 运输 __done__ SQUADRON (429 BISON SQUADRON) - FLYING THE CC-177	429 运输中队 (429 野牛), 使用 CC - 177
Food Poisoning and Food Hygiene.	微生物检验与食品安全控制.
